// Jest Snapshot v1, https://goo.gl/fbAQLP

exports[`ErrorText matches wrapper snapshot: wrapper mount 1`] = `
.c0 {
  font-family: "nta",Arial,sans-serif;
  -webkit-font-smoothing: antialiased;
  -moz-osx-font-smoothing: grayscale;
  font-weight: 700;
  font-size: 16px;
  line-height: 1.25;
  display: block;
  margin-bottom: 15px;
  clear: both;
  color: #b10e1e;
}

@media print {
  .c0 {
    font-size: 14px;
    line-height: 1.15;
  }
}

@media only screen and (min-width:641px) {
  .c0 {
    font-size: 19px;
    line-height: 1.3157894736842106;
  }
}

<ErrorText>
  <src__StyledError>
    <StyledComponent
      forwardedComponent={
        Object {
          "$$typeof": Symbol(react.forward_ref),
          "attrs": Array [],
          "componentStyle": ComponentStyle {
            "componentId": "src__StyledError-q8g4f0-0",
            "isStatic": false,
            "lastClassName": "c0",
            "rules": Array [
              "font-family: \\"nta\\", Arial, sans-serif;",
              "-webkit-font-smoothing: antialiased;",
              "-moz-osx-font-smoothing: grayscale;",
              "@media print {",
              "font-size: 14px;",
              "line-height: 1.15;",
              "}",
              "font-weight: 700;",
              "font-size: 16px;",
              "line-height: 1.25;",
              "@media only screen and (min-width: 641px) {",
              "font-size: 19px;",
              "line-height: 1.3157894736842106;",
              "}",
              "display: block;",
              "margin-bottom: 15px;",
              "clear: both;",
              "color: #b10e1e;",
              [Function],
            ],
          },
          "displayName": "src__StyledError",
          "foldedComponentIds": Array [],
          "render": [Function],
          "styledComponentId": "src__StyledError-q8g4f0-0",
          "target": "span",
          "toString": [Function],
          "warnTooManyClasses": [Function],
          "withComponent": [Function],
        }
      }
      forwardedRef={null}
    >
      <span
        className="c0"
      >
        example
      </span>
    </StyledComponent>
  </src__StyledError>
</ErrorText>
`;
