// Jest Snapshot v1, https://goo.gl/fbAQLP

exports[`FileUpload matches snapshot: enzyme.mount 1`] = `
.c0 {
  display: -webkit-box;
  display: -webkit-flex;
  display: -ms-flexbox;
  display: flex;
  -webkit-flex-direction: column;
  -ms-flex-direction: column;
  flex-direction: column;
  box-sizing: border-box;
  margin-bottom: 0;
}

.c0:after {
  content: '';
  display: table;
  clear: both;
}

.c1 {
  font-family: "nta",Arial,sans-serif;
  -webkit-font-smoothing: antialiased;
  -moz-osx-font-smoothing: grayscale;
  font-weight: 400;
  font-size: 16px;
  line-height: 1.25;
  color: #0b0c0c;
  display: block;
  clear: none;
  padding-bottom: 2px;
  margin-bottom: 0;
}

.c2 {
  box-sizing: border-box;
  font-family: "nta",Arial,sans-serif;
  -webkit-font-smoothing: antialiased;
  -moz-osx-font-smoothing: grayscale;
  font-weight: 400;
  text-transform: none;
  font-size: 14px;
  line-height: 1.1428571429;
  width: 100%;
  padding: 5px 4px 4px;
}

@media only screen and (min-width:641px) {
  .c0 {
    margin-bottom: 0;
  }
}

@media print {
  .c1 {
    font-size: 14px;
    line-height: 1.15;
  }
}

@media only screen and (min-width:641px) {
  .c1 {
    font-size: 19px;
    line-height: 1.3157894736842106;
  }
}

@media print {
  .c1 {
    color: #000;
  }
}

@media only screen and (min-width:641px) {
  .c1 {
    margin-bottom: 0;
  }
}

@media only screen and (min-width:641px) {
  .c2 {
    font-size: 16px;
    line-height: 1.25;
    width: 50%;
  }
}

<FileUpload
  meta={Object {}}
>
  <Label
    error={false}
  >
    <src__StyledLabel
      error={false}
    >
      <StyledComponent
        error={false}
        forwardedComponent={
          Object {
            "$$typeof": Symbol(react.forward_ref),
            "attrs": Array [],
            "componentStyle": ComponentStyle {
              "componentId": "src__StyledLabel-sc-14n2scx-0",
              "isStatic": false,
              "lastClassName": "c0",
              "rules": Array [
                "display: flex;",
                "flex-direction: column;",
                "box-sizing: border-box;",
                ":after {",
                "content: '';",
                "display: table;",
                "clear: both;",
                "}",
                [Function],
                [Function],
              ],
            },
            "displayName": "src__StyledLabel",
            "foldedComponentIds": Array [],
            "render": [Function],
            "styledComponentId": "src__StyledLabel-sc-14n2scx-0",
            "target": "label",
            "toString": [Function],
            "warnTooManyClasses": [Function],
            "withComponent": [Function],
          }
        }
        forwardedRef={null}
      >
        <label
          className="c0"
        >
          <LabelText>
            <src__StyledLabelText>
              <StyledComponent
                forwardedComponent={
                  Object {
                    "$$typeof": Symbol(react.forward_ref),
                    "attrs": Array [],
                    "componentStyle": ComponentStyle {
                      "componentId": "src__StyledLabelText-sc-12l0n4z-0",
                      "isStatic": false,
                      "lastClassName": "c1",
                      "rules": Array [
                        "font-family: \\"nta\\", Arial, sans-serif;",
                        "-webkit-font-smoothing: antialiased;",
                        "-moz-osx-font-smoothing: grayscale;",
                        "@media print {",
                        "font-size: 14px;",
                        "line-height: 1.15;",
                        "}",
                        "font-weight: 400;",
                        "font-size: 16px;",
                        "line-height: 1.25;",
                        "@media only screen and (min-width: 641px) {",
                        "font-size: 19px;",
                        "line-height: 1.3157894736842106;",
                        "}",
                        "color: #0b0c0c;",
                        "@media print {",
                        "color: #000;",
                        "}",
                        "display: block;",
                        "clear: none;",
                        "padding-bottom: 2px;",
                        [Function],
                        [Function],
                      ],
                    },
                    "displayName": "src__StyledLabelText",
                    "foldedComponentIds": Array [],
                    "render": [Function],
                    "styledComponentId": "src__StyledLabelText-sc-12l0n4z-0",
                    "target": "span",
                    "toString": [Function],
                    "warnTooManyClasses": [Function],
                    "withComponent": [Function],
                  }
                }
                forwardedRef={null}
              >
                <span
                  className="c1"
                >
                  example
                </span>
              </StyledComponent>
            </src__StyledLabelText>
          </LabelText>
          <src__StyledInput
            type="file"
          >
            <StyledComponent
              forwardedComponent={
                Object {
                  "$$typeof": Symbol(react.forward_ref),
                  "attrs": Array [],
                  "componentStyle": ComponentStyle {
                    "componentId": "src__StyledInput-ek7uqv-0",
                    "isStatic": true,
                    "lastClassName": "c2",
                    "rules": Array [
                      "box-sizing: border-box;",
                      "font-family: \\"nta\\", Arial, sans-serif;",
                      "-webkit-font-smoothing: antialiased;",
                      "-moz-osx-font-smoothing: grayscale;",
                      "font-weight: 400;",
                      "text-transform: none;",
                      "font-size: 14px;",
                      "line-height: 1.1428571429;",
                      "@media only screen and (min-width: 641px) {",
                      "font-size: 16px;",
                      "line-height: 1.25;",
                      "width: 50%;",
                      "}",
                      "width: 100%;",
                      "padding: 5px 4px 4px;",
                    ],
                  },
                  "displayName": "src__StyledInput",
                  "foldedComponentIds": Array [],
                  "render": [Function],
                  "styledComponentId": "src__StyledInput-ek7uqv-0",
                  "target": "input",
                  "toString": [Function],
                  "warnTooManyClasses": [Function],
                  "withComponent": [Function],
                }
              }
              forwardedRef={null}
              type="file"
            >
              <input
                className="c2"
                type="file"
              />
            </StyledComponent>
          </src__StyledInput>
        </label>
      </StyledComponent>
    </src__StyledLabel>
  </Label>
</FileUpload>
`;
