// Jest Snapshot v1, https://goo.gl/fbAQLP

exports[`Checkbox can render with hint text: hint text 1`] = `
.c4 {
  font-family: "nta",Arial,sans-serif;
  -webkit-font-smoothing: antialiased;
  -moz-osx-font-smoothing: grayscale;
  font-weight: 400;
  font-size: 16px;
  line-height: 1.25;
  display: block;
  margin-bottom: 15px;
  color: #6f777b;
}

.c0 {
  font-family: "nta",Arial,sans-serif;
  -webkit-font-smoothing: antialiased;
  -moz-osx-font-smoothing: grayscale;
  font-weight: 400;
  font-size: 16px;
  line-height: 1.25;
  display: block;
  position: relative;
  min-height: 40px;
  padding: 0 0 0 40px;
  clear: left;
  margin-bottom: 10px;
}

.c1 {
  position: absolute;
  z-index: 1;
  top: 0;
  left: 0;
  width: 40px;
  height: 40px;
  opacity: 0;
  cursor: pointer;
}

.c1:checked + span:after {
  opacity: 1;
}

.c1:focus + span:before {
  outline: 3px solid transparent;
  outline-offset: 3px;
  box-shadow: 0 0 0 3px #ffbf47;
}

.c1 + span {
  opacity: 1;
  pointer-events: auto;
}

.c2 {
  display: inline-block;
  cursor: pointer;
  padding: 8px 15px 5px;
  -ms-touch-action: manipulation;
  touch-action: manipulation;
}

.c2::before {
  content: '';
  box-sizing: border-box;
  position: absolute;
  top: 0;
  left: 0;
  width: 40px;
  height: 40px;
  border: 2px solid black;
  background: transparent;
}

.c2::after {
  content: '';
  position: absolute;
  top: 11px;
  left: 9px;
  width: 18px;
  height: 7px;
  -webkit-transform: rotate(-45deg);
  -ms-transform: rotate(-45deg);
  transform: rotate(-45deg);
  border: solid;
  border-width: 0 0 5px 5px;
  border-top-color: transparent;
  background: transparent;
  opacity: 0;
}

.c3 {
  display: block;
  padding-left: 15px;
  padding-right: 15px;
}

@media print {
  .c4 {
    font-size: 14px;
    line-height: 1.15;
  }
}

@media only screen and (min-width:641px) {
  .c4 {
    font-size: 19px;
    line-height: 1.3157894736842106;
  }
}

@media print {
  .c0 {
    font-size: 14px;
    line-height: 1.15;
  }
}

@media only screen and (min-width:641px) {
  .c0 {
    font-size: 19px;
    line-height: 1.3157894736842106;
  }
}

@media only screen and (min-width:641px) {
  .c0 {
    margin-bottom: 10px;
  }
}

<Checkbox
  hint="Hint text"
>
  <src__StyledCheckbox>
    <StyledComponent
      forwardedComponent={
        Object {
          "$$typeof": Symbol(react.forward_ref),
          "attrs": Array [],
          "componentStyle": ComponentStyle {
            "componentId": "src__StyledCheckbox-sc-1nb1mi4-0",
            "isStatic": false,
            "lastClassName": "c0",
            "rules": Array [
              "font-family: \\"nta\\", Arial, sans-serif;",
              "-webkit-font-smoothing: antialiased;",
              "-moz-osx-font-smoothing: grayscale;",
              "@media print {",
              "font-size: 14px;",
              "line-height: 1.15;",
              "}",
              "font-weight: 400;",
              "font-size: 16px;",
              "line-height: 1.25;",
              "@media only screen and (min-width: 641px) {",
              "font-size: 19px;",
              "line-height: 1.3157894736842106;",
              "}",
              "display: block;",
              "position: relative;",
              "min-height: 40px;",
              "padding: 0 0 0 40px;",
              "clear: left;",
              [Function],
            ],
          },
          "displayName": "src__StyledCheckbox",
          "foldedComponentIds": Array [],
          "render": [Function],
          "styledComponentId": "src__StyledCheckbox-sc-1nb1mi4-0",
          "target": "label",
          "toString": [Function],
          "warnTooManyClasses": [Function],
          "withComponent": [Function],
        }
      }
      forwardedRef={null}
    >
      <label
        className="c0"
      >
        <src__StyledInput
          type="checkbox"
        >
          <StyledComponent
            forwardedComponent={
              Object {
                "$$typeof": Symbol(react.forward_ref),
                "attrs": Array [],
                "componentStyle": ComponentStyle {
                  "componentId": "src__StyledInput-sc-1nb1mi4-1",
                  "isStatic": false,
                  "lastClassName": "c1",
                  "rules": Array [
                    "position: absolute;",
                    "z-index: 1;",
                    "top: 0;",
                    "left: 0;",
                    "width: 40px;",
                    "height: 40px;",
                    "opacity: 0;",
                    ":checked + span:after {",
                    "opacity: 1;",
                    "}",
                    ":focus + span:before {",
                    "outline: 3px solid transparent;",
                    "outline-offset: 3px;",
                    "box-shadow: 0 0 0 3px #ffbf47;",
                    "}",
                    [Function],
                  ],
                },
                "displayName": "src__StyledInput",
                "foldedComponentIds": Array [],
                "render": [Function],
                "styledComponentId": "src__StyledInput-sc-1nb1mi4-1",
                "target": "input",
                "toString": [Function],
                "warnTooManyClasses": [Function],
                "withComponent": [Function],
              }
            }
            forwardedRef={null}
            type="checkbox"
          >
            <input
              className="c1"
              type="checkbox"
            />
          </StyledComponent>
        </src__StyledInput>
        <src__StyledLabel>
          <StyledComponent
            forwardedComponent={
              Object {
                "$$typeof": Symbol(react.forward_ref),
                "attrs": Array [],
                "componentStyle": ComponentStyle {
                  "componentId": "src__StyledLabel-sc-1nb1mi4-2",
                  "isStatic": true,
                  "lastClassName": "c2",
                  "rules": Array [
                    "display: inline-block;",
                    "cursor: pointer;",
                    "padding: 8px 15px 5px;",
                    "-ms-touch-action: manipulation;",
                    "touch-action: manipulation;",
                    "::before {",
                    "content: '';",
                    "box-sizing: border-box;",
                    "position: absolute;",
                    "top: 0;",
                    "left: 0;",
                    "width: 40px;",
                    "height: 40px;",
                    "border: 2px solid black;",
                    "background: transparent;",
                    "}",
                    "::after {",
                    "content: '';",
                    "position: absolute;",
                    "top: 11px;",
                    "left: 9px;",
                    "width: 18px;",
                    "height: 7px;",
                    "transform: rotate(-45deg);",
                    "border: solid;",
                    "border-width: 0 0 5px 5px;",
                    "border-top-color: transparent;",
                    "background: transparent;",
                    "opacity: 0;",
                    "}",
                  ],
                },
                "displayName": "src__StyledLabel",
                "foldedComponentIds": Array [],
                "render": [Function],
                "styledComponentId": "src__StyledLabel-sc-1nb1mi4-2",
                "target": "span",
                "toString": [Function],
                "warnTooManyClasses": [Function],
                "withComponent": [Function],
              }
            }
            forwardedRef={null}
          >
            <span
              className="c2"
            >
              Example with hint text
            </span>
          </StyledComponent>
        </src__StyledLabel>
        <src__StyledCheckboxHint>
          <StyledComponent
            forwardedComponent={
              Object {
                "$$typeof": Symbol(react.forward_ref),
                "attrs": Array [],
                "componentStyle": ComponentStyle {
                  "componentId": "src__StyledCheckboxHint-sc-1nb1mi4-3",
                  "isStatic": true,
                  "lastClassName": "c3",
                  "rules": Array [
                    "display: block;",
                    "padding-left: 15px;",
                    "padding-right: 15px;",
                  ],
                },
                "displayName": "src__StyledCheckboxHint",
                "foldedComponentIds": Array [],
                "render": [Function],
                "styledComponentId": "src__StyledCheckboxHint-sc-1nb1mi4-3",
                "target": [Function],
                "toString": [Function],
                "warnTooManyClasses": [Function],
                "withComponent": [Function],
              }
            }
            forwardedRef={null}
          >
            <HintText
              className="c3"
            >
              <src__StyledHint
                className="c3"
              >
                <StyledComponent
                  className="c3"
                  forwardedComponent={
                    Object {
                      "$$typeof": Symbol(react.forward_ref),
                      "attrs": Array [],
                      "componentStyle": ComponentStyle {
                        "componentId": "src__StyledHint-sc-1qn4br2-0",
                        "isStatic": false,
                        "lastClassName": "c4",
                        "rules": Array [
                          "font-family: \\"nta\\", Arial, sans-serif;",
                          "-webkit-font-smoothing: antialiased;",
                          "-moz-osx-font-smoothing: grayscale;",
                          "@media print {",
                          "font-size: 14px;",
                          "line-height: 1.15;",
                          "}",
                          "font-weight: 400;",
                          "font-size: 16px;",
                          "line-height: 1.25;",
                          "@media only screen and (min-width: 641px) {",
                          "font-size: 19px;",
                          "line-height: 1.3157894736842106;",
                          "}",
                          "display: block;",
                          "margin-bottom: 15px;",
                          "color: #6f777b;",
                          [Function],
                        ],
                      },
                      "displayName": "src__StyledHint",
                      "foldedComponentIds": Array [],
                      "render": [Function],
                      "styledComponentId": "src__StyledHint-sc-1qn4br2-0",
                      "target": "span",
                      "toString": [Function],
                      "warnTooManyClasses": [Function],
                      "withComponent": [Function],
                    }
                  }
                  forwardedRef={null}
                >
                  <span
                    className="c3 c4"
                  >
                    Hint text
                  </span>
                </StyledComponent>
              </src__StyledHint>
            </HintText>
          </StyledComponent>
        </src__StyledCheckboxHint>
      </label>
    </StyledComponent>
  </src__StyledCheckbox>
</Checkbox>
`;

exports[`Checkbox matches wrapper snapshot: wrapper mount 1`] = `
.c0 {
  font-family: "nta",Arial,sans-serif;
  -webkit-font-smoothing: antialiased;
  -moz-osx-font-smoothing: grayscale;
  font-weight: 400;
  font-size: 16px;
  line-height: 1.25;
  display: block;
  position: relative;
  min-height: 40px;
  padding: 0 0 0 40px;
  clear: left;
  margin-bottom: 10px;
}

.c1 {
  position: absolute;
  z-index: 1;
  top: 0;
  left: 0;
  width: 40px;
  height: 40px;
  opacity: 0;
  cursor: pointer;
}

.c1:checked + span:after {
  opacity: 1;
}

.c1:focus + span:before {
  outline: 3px solid transparent;
  outline-offset: 3px;
  box-shadow: 0 0 0 3px #ffbf47;
}

.c1 + span {
  opacity: 1;
  pointer-events: auto;
}

.c2 {
  display: inline-block;
  cursor: pointer;
  padding: 8px 15px 5px;
  -ms-touch-action: manipulation;
  touch-action: manipulation;
}

.c2::before {
  content: '';
  box-sizing: border-box;
  position: absolute;
  top: 0;
  left: 0;
  width: 40px;
  height: 40px;
  border: 2px solid black;
  background: transparent;
}

.c2::after {
  content: '';
  position: absolute;
  top: 11px;
  left: 9px;
  width: 18px;
  height: 7px;
  -webkit-transform: rotate(-45deg);
  -ms-transform: rotate(-45deg);
  transform: rotate(-45deg);
  border: solid;
  border-width: 0 0 5px 5px;
  border-top-color: transparent;
  background: transparent;
  opacity: 0;
}

@media print {
  .c0 {
    font-size: 14px;
    line-height: 1.15;
  }
}

@media only screen and (min-width:641px) {
  .c0 {
    font-size: 19px;
    line-height: 1.3157894736842106;
  }
}

@media only screen and (min-width:641px) {
  .c0 {
    margin-bottom: 10px;
  }
}

<Checkbox>
  <src__StyledCheckbox>
    <StyledComponent
      forwardedComponent={
        Object {
          "$$typeof": Symbol(react.forward_ref),
          "attrs": Array [],
          "componentStyle": ComponentStyle {
            "componentId": "src__StyledCheckbox-sc-1nb1mi4-0",
            "isStatic": false,
            "lastClassName": "c0",
            "rules": Array [
              "font-family: \\"nta\\", Arial, sans-serif;",
              "-webkit-font-smoothing: antialiased;",
              "-moz-osx-font-smoothing: grayscale;",
              "@media print {",
              "font-size: 14px;",
              "line-height: 1.15;",
              "}",
              "font-weight: 400;",
              "font-size: 16px;",
              "line-height: 1.25;",
              "@media only screen and (min-width: 641px) {",
              "font-size: 19px;",
              "line-height: 1.3157894736842106;",
              "}",
              "display: block;",
              "position: relative;",
              "min-height: 40px;",
              "padding: 0 0 0 40px;",
              "clear: left;",
              [Function],
            ],
          },
          "displayName": "src__StyledCheckbox",
          "foldedComponentIds": Array [],
          "render": [Function],
          "styledComponentId": "src__StyledCheckbox-sc-1nb1mi4-0",
          "target": "label",
          "toString": [Function],
          "warnTooManyClasses": [Function],
          "withComponent": [Function],
        }
      }
      forwardedRef={null}
    >
      <label
        className="c0"
      >
        <src__StyledInput
          type="checkbox"
        >
          <StyledComponent
            forwardedComponent={
              Object {
                "$$typeof": Symbol(react.forward_ref),
                "attrs": Array [],
                "componentStyle": ComponentStyle {
                  "componentId": "src__StyledInput-sc-1nb1mi4-1",
                  "isStatic": false,
                  "lastClassName": "c1",
                  "rules": Array [
                    "position: absolute;",
                    "z-index: 1;",
                    "top: 0;",
                    "left: 0;",
                    "width: 40px;",
                    "height: 40px;",
                    "opacity: 0;",
                    ":checked + span:after {",
                    "opacity: 1;",
                    "}",
                    ":focus + span:before {",
                    "outline: 3px solid transparent;",
                    "outline-offset: 3px;",
                    "box-shadow: 0 0 0 3px #ffbf47;",
                    "}",
                    [Function],
                  ],
                },
                "displayName": "src__StyledInput",
                "foldedComponentIds": Array [],
                "render": [Function],
                "styledComponentId": "src__StyledInput-sc-1nb1mi4-1",
                "target": "input",
                "toString": [Function],
                "warnTooManyClasses": [Function],
                "withComponent": [Function],
              }
            }
            forwardedRef={null}
            type="checkbox"
          >
            <input
              className="c1"
              type="checkbox"
            />
          </StyledComponent>
        </src__StyledInput>
        <src__StyledLabel>
          <StyledComponent
            forwardedComponent={
              Object {
                "$$typeof": Symbol(react.forward_ref),
                "attrs": Array [],
                "componentStyle": ComponentStyle {
                  "componentId": "src__StyledLabel-sc-1nb1mi4-2",
                  "isStatic": true,
                  "lastClassName": "c2",
                  "rules": Array [
                    "display: inline-block;",
                    "cursor: pointer;",
                    "padding: 8px 15px 5px;",
                    "-ms-touch-action: manipulation;",
                    "touch-action: manipulation;",
                    "::before {",
                    "content: '';",
                    "box-sizing: border-box;",
                    "position: absolute;",
                    "top: 0;",
                    "left: 0;",
                    "width: 40px;",
                    "height: 40px;",
                    "border: 2px solid black;",
                    "background: transparent;",
                    "}",
                    "::after {",
                    "content: '';",
                    "position: absolute;",
                    "top: 11px;",
                    "left: 9px;",
                    "width: 18px;",
                    "height: 7px;",
                    "transform: rotate(-45deg);",
                    "border: solid;",
                    "border-width: 0 0 5px 5px;",
                    "border-top-color: transparent;",
                    "background: transparent;",
                    "opacity: 0;",
                    "}",
                  ],
                },
                "displayName": "src__StyledLabel",
                "foldedComponentIds": Array [],
                "render": [Function],
                "styledComponentId": "src__StyledLabel-sc-1nb1mi4-2",
                "target": "span",
                "toString": [Function],
                "warnTooManyClasses": [Function],
                "withComponent": [Function],
              }
            }
            forwardedRef={null}
          >
            <span
              className="c2"
            >
              example
            </span>
          </StyledComponent>
        </src__StyledLabel>
      </label>
    </StyledComponent>
  </src__StyledCheckbox>
</Checkbox>
`;

exports[`Checkbox renders disabled checkbox: disabled 1`] = `
.c0 {
  font-family: "nta",Arial,sans-serif;
  -webkit-font-smoothing: antialiased;
  -moz-osx-font-smoothing: grayscale;
  font-weight: 400;
  font-size: 16px;
  line-height: 1.25;
  display: block;
  position: relative;
  min-height: 40px;
  padding: 0 0 0 40px;
  clear: left;
  margin-bottom: 10px;
}

.c1 {
  position: absolute;
  z-index: 1;
  top: 0;
  left: 0;
  width: 40px;
  height: 40px;
  opacity: 0;
  cursor: default;
}

.c1:checked + span:after {
  opacity: 1;
}

.c1:focus + span:before {
  outline: 3px solid transparent;
  outline-offset: 3px;
  box-shadow: 0 0 0 3px #ffbf47;
}

.c1 + span {
  opacity: .5;
  pointer-events: none;
}

.c2 {
  display: inline-block;
  cursor: pointer;
  padding: 8px 15px 5px;
  -ms-touch-action: manipulation;
  touch-action: manipulation;
}

.c2::before {
  content: '';
  box-sizing: border-box;
  position: absolute;
  top: 0;
  left: 0;
  width: 40px;
  height: 40px;
  border: 2px solid black;
  background: transparent;
}

.c2::after {
  content: '';
  position: absolute;
  top: 11px;
  left: 9px;
  width: 18px;
  height: 7px;
  -webkit-transform: rotate(-45deg);
  -ms-transform: rotate(-45deg);
  transform: rotate(-45deg);
  border: solid;
  border-width: 0 0 5px 5px;
  border-top-color: transparent;
  background: transparent;
  opacity: 0;
}

@media print {
  .c0 {
    font-size: 14px;
    line-height: 1.15;
  }
}

@media only screen and (min-width:641px) {
  .c0 {
    font-size: 19px;
    line-height: 1.3157894736842106;
  }
}

@media only screen and (min-width:641px) {
  .c0 {
    margin-bottom: 10px;
  }
}

<Checkbox
  disabled={true}
>
  <src__StyledCheckbox>
    <StyledComponent
      forwardedComponent={
        Object {
          "$$typeof": Symbol(react.forward_ref),
          "attrs": Array [],
          "componentStyle": ComponentStyle {
            "componentId": "src__StyledCheckbox-sc-1nb1mi4-0",
            "isStatic": false,
            "lastClassName": "c0",
            "rules": Array [
              "font-family: \\"nta\\", Arial, sans-serif;",
              "-webkit-font-smoothing: antialiased;",
              "-moz-osx-font-smoothing: grayscale;",
              "@media print {",
              "font-size: 14px;",
              "line-height: 1.15;",
              "}",
              "font-weight: 400;",
              "font-size: 16px;",
              "line-height: 1.25;",
              "@media only screen and (min-width: 641px) {",
              "font-size: 19px;",
              "line-height: 1.3157894736842106;",
              "}",
              "display: block;",
              "position: relative;",
              "min-height: 40px;",
              "padding: 0 0 0 40px;",
              "clear: left;",
              [Function],
            ],
          },
          "displayName": "src__StyledCheckbox",
          "foldedComponentIds": Array [],
          "render": [Function],
          "styledComponentId": "src__StyledCheckbox-sc-1nb1mi4-0",
          "target": "label",
          "toString": [Function],
          "warnTooManyClasses": [Function],
          "withComponent": [Function],
        }
      }
      forwardedRef={null}
    >
      <label
        className="c0"
      >
        <src__StyledInput
          disabled={true}
          type="checkbox"
        >
          <StyledComponent
            disabled={true}
            forwardedComponent={
              Object {
                "$$typeof": Symbol(react.forward_ref),
                "attrs": Array [],
                "componentStyle": ComponentStyle {
                  "componentId": "src__StyledInput-sc-1nb1mi4-1",
                  "isStatic": false,
                  "lastClassName": "c1",
                  "rules": Array [
                    "position: absolute;",
                    "z-index: 1;",
                    "top: 0;",
                    "left: 0;",
                    "width: 40px;",
                    "height: 40px;",
                    "opacity: 0;",
                    ":checked + span:after {",
                    "opacity: 1;",
                    "}",
                    ":focus + span:before {",
                    "outline: 3px solid transparent;",
                    "outline-offset: 3px;",
                    "box-shadow: 0 0 0 3px #ffbf47;",
                    "}",
                    [Function],
                  ],
                },
                "displayName": "src__StyledInput",
                "foldedComponentIds": Array [],
                "render": [Function],
                "styledComponentId": "src__StyledInput-sc-1nb1mi4-1",
                "target": "input",
                "toString": [Function],
                "warnTooManyClasses": [Function],
                "withComponent": [Function],
              }
            }
            forwardedRef={null}
            type="checkbox"
          >
            <input
              className="c1"
              disabled={true}
              type="checkbox"
            />
          </StyledComponent>
        </src__StyledInput>
        <src__StyledLabel>
          <StyledComponent
            forwardedComponent={
              Object {
                "$$typeof": Symbol(react.forward_ref),
                "attrs": Array [],
                "componentStyle": ComponentStyle {
                  "componentId": "src__StyledLabel-sc-1nb1mi4-2",
                  "isStatic": true,
                  "lastClassName": "c2",
                  "rules": Array [
                    "display: inline-block;",
                    "cursor: pointer;",
                    "padding: 8px 15px 5px;",
                    "-ms-touch-action: manipulation;",
                    "touch-action: manipulation;",
                    "::before {",
                    "content: '';",
                    "box-sizing: border-box;",
                    "position: absolute;",
                    "top: 0;",
                    "left: 0;",
                    "width: 40px;",
                    "height: 40px;",
                    "border: 2px solid black;",
                    "background: transparent;",
                    "}",
                    "::after {",
                    "content: '';",
                    "position: absolute;",
                    "top: 11px;",
                    "left: 9px;",
                    "width: 18px;",
                    "height: 7px;",
                    "transform: rotate(-45deg);",
                    "border: solid;",
                    "border-width: 0 0 5px 5px;",
                    "border-top-color: transparent;",
                    "background: transparent;",
                    "opacity: 0;",
                    "}",
                  ],
                },
                "displayName": "src__StyledLabel",
                "foldedComponentIds": Array [],
                "render": [Function],
                "styledComponentId": "src__StyledLabel-sc-1nb1mi4-2",
                "target": "span",
                "toString": [Function],
                "warnTooManyClasses": [Function],
                "withComponent": [Function],
              }
            }
            forwardedRef={null}
          >
            <span
              className="c2"
            >
              Example
            </span>
          </StyledComponent>
        </src__StyledLabel>
      </label>
    </StyledComponent>
  </src__StyledCheckbox>
</Checkbox>
`;
