// Jest Snapshot v1, https://goo.gl/fbAQLP

exports[`DocumentFooterMetadata matches snapshot: enzyme.mount 1`] = `
.c2 {
  font-family: "nta",Arial,sans-serif;
  -webkit-font-smoothing: antialiased;
  -moz-osx-font-smoothing: grayscale;
  font-weight: 400;
  font-size: 16px;
  line-height: 1.25;
  color: #0b0c0c;
  margin-top: 0;
  margin-bottom: 15px;
  list-style-type: none;
  padding-left: 0;
}

.c2 .c1 {
  margin-top: 10px;
}

.c2 > .c4 {
  margin-bottom: 5px;
}

.c0 {
  font-family: "nta",Arial,sans-serif;
}

.c3 {
  font-size: 24px;
  font-weight: 700;
  line-height: 1.25;
}

.c3 > a {
  -webkit-text-decoration: none;
  text-decoration: none;
}

@media print {
  .c2 {
    font-size: 14px;
    line-height: 1.15;
  }
}

@media only screen and (min-width:641px) {
  .c2 {
    font-size: 19px;
    line-height: 1.3157894736842106;
  }
}

@media print {
  .c2 {
    color: #000;
  }
}

@media only screen and (min-width:641px) {
  .c2 {
    margin-bottom: 20px;
  }
}

<DocumentFooterMetadata
  partOf={
    Array [
      "example",
      "exampleexample",
    ]
  }
>
  <src__StyledContainer>
    <StyledComponent
      forwardedComponent={
        Object {
          "$$typeof": Symbol(react.forward_ref),
          "attrs": Array [],
          "componentStyle": ComponentStyle {
            "componentId": "src__StyledContainer-sc-7giwxu-0",
            "isStatic": false,
            "lastClassName": "c0",
            "rules": Array [
              "font-family: \\"nta\\", Arial, sans-serif;",
              [Function],
            ],
          },
          "displayName": "src__StyledContainer",
          "foldedComponentIds": Array [],
          "render": [Function],
          "styledComponentId": "src__StyledContainer-sc-7giwxu-0",
          "target": "div",
          "toString": [Function],
          "warnTooManyClasses": [Function],
          "withComponent": [Function],
        }
      }
      forwardedRef={null}
    >
      <div
        className="c0"
      >
        <src__StyledContainer>
          <StyledComponent
            forwardedComponent={
              Object {
                "$$typeof": Symbol(react.forward_ref),
                "attrs": Array [],
                "componentStyle": ComponentStyle {
                  "componentId": "src__StyledContainer-sc-7giwxu-0",
                  "isStatic": false,
                  "lastClassName": "c0",
                  "rules": Array [
                    "font-family: \\"nta\\", Arial, sans-serif;",
                    [Function],
                  ],
                },
                "displayName": "src__StyledContainer",
                "foldedComponentIds": Array [],
                "render": [Function],
                "styledComponentId": "src__StyledContainer-sc-7giwxu-0",
                "target": "div",
                "toString": [Function],
                "warnTooManyClasses": [Function],
                "withComponent": [Function],
              }
            }
            forwardedRef={null}
          >
            <div
              className="c0"
            />
          </StyledComponent>
        </src__StyledContainer>
        <src__StyledContainer>
          <StyledComponent
            forwardedComponent={
              Object {
                "$$typeof": Symbol(react.forward_ref),
                "attrs": Array [],
                "componentStyle": ComponentStyle {
                  "componentId": "src__StyledContainer-sc-7giwxu-0",
                  "isStatic": false,
                  "lastClassName": "c0",
                  "rules": Array [
                    "font-family: \\"nta\\", Arial, sans-serif;",
                    [Function],
                  ],
                },
                "displayName": "src__StyledContainer",
                "foldedComponentIds": Array [],
                "render": [Function],
                "styledComponentId": "src__StyledContainer-sc-7giwxu-0",
                "target": "div",
                "toString": [Function],
                "warnTooManyClasses": [Function],
                "withComponent": [Function],
              }
            }
            forwardedRef={null}
          >
            <div
              className="c0"
            >
              <div>
                <p
                  style={
                    Object {
                      "marginBottom": 0,
                    }
                  }
                >
                  Part of:
                </p>
                <UnorderedList
                  listStyleType="none"
                >
                  <src__OrderedList
                    as="ul"
                    listStyleType="none"
                  >
                    <StyledComponent
                      as="ul"
                      forwardedComponent={
                        Object {
                          "$$typeof": Symbol(react.forward_ref),
                          "_foldedDefaultProps": Object {
                            "listStyleType": undefined,
                          },
                          "attrs": Array [],
                          "componentStyle": ComponentStyle {
                            "componentId": "c1",
                            "isStatic": false,
                            "lastClassName": "c2",
                            "rules": Array [
                              "font-family: \\"nta\\", Arial, sans-serif;",
                              "-webkit-font-smoothing: antialiased;",
                              "-moz-osx-font-smoothing: grayscale;",
                              "@media print {",
                              "font-size: 14px;",
                              "line-height: 1.15;",
                              "}",
                              "font-weight: 400;",
                              "font-size: 16px;",
                              "line-height: 1.25;",
                              "@media only screen and (min-width: 641px) {",
                              "font-size: 19px;",
                              "line-height: 1.3157894736842106;",
                              "}",
                              "color: #0b0c0c;",
                              "@media print {",
                              "color: #000;",
                              "}",
                              "margin-top: 0;",
                              "& & {",
                              "margin-top: 10px;",
                              "}",
                              [Function],
                              [Function],
                            ],
                          },
                          "displayName": "src__OrderedList",
                          "foldedComponentIds": Array [],
                          "propTypes": undefined,
                          "render": [Function],
                          "styledComponentId": "c1",
                          "target": "ol",
                          "toString": [Function],
                          "warnTooManyClasses": [Function],
                          "withComponent": [Function],
                        }
                      }
                      forwardedRef={null}
                      listStyleType="none"
                    >
                      <ul
                        className="c1 c2"
                      >
                        <src__StyledDefinition
                          key="0"
                        >
                          <StyledComponent
                            forwardedComponent={
                              Object {
                                "$$typeof": Symbol(react.forward_ref),
                                "attrs": Array [],
                                "componentStyle": ComponentStyle {
                                  "componentId": "src__StyledDefinition-sc-7giwxu-1",
                                  "isStatic": true,
                                  "lastClassName": "c3",
                                  "rules": Array [
                                    "font-size: 24px;",
                                    "font-weight: 700;",
                                    "line-height: 1.25;",
                                    "> a {",
                                    "text-decoration: none;",
                                    "}",
                                  ],
                                },
                                "displayName": "src__StyledDefinition",
                                "foldedComponentIds": Array [],
                                "render": [Function],
                                "styledComponentId": "src__StyledDefinition-sc-7giwxu-1",
                                "target": "li",
                                "toString": [Function],
                                "warnTooManyClasses": [Function],
                                "withComponent": [Function],
                              }
                            }
                            forwardedRef={null}
                          >
                            <li
                              className="c3"
                            >
                              example
                            </li>
                          </StyledComponent>
                        </src__StyledDefinition>
                        <src__StyledDefinition
                          key="1"
                        >
                          <StyledComponent
                            forwardedComponent={
                              Object {
                                "$$typeof": Symbol(react.forward_ref),
                                "attrs": Array [],
                                "componentStyle": ComponentStyle {
                                  "componentId": "src__StyledDefinition-sc-7giwxu-1",
                                  "isStatic": true,
                                  "lastClassName": "c3",
                                  "rules": Array [
                                    "font-size: 24px;",
                                    "font-weight: 700;",
                                    "line-height: 1.25;",
                                    "> a {",
                                    "text-decoration: none;",
                                    "}",
                                  ],
                                },
                                "displayName": "src__StyledDefinition",
                                "foldedComponentIds": Array [],
                                "render": [Function],
                                "styledComponentId": "src__StyledDefinition-sc-7giwxu-1",
                                "target": "li",
                                "toString": [Function],
                                "warnTooManyClasses": [Function],
                                "withComponent": [Function],
                              }
                            }
                            forwardedRef={null}
                          >
                            <li
                              className="c3"
                            >
                              exampleexample
                            </li>
                          </StyledComponent>
                        </src__StyledDefinition>
                      </ul>
                    </StyledComponent>
                  </src__OrderedList>
                </UnorderedList>
              </div>
            </div>
          </StyledComponent>
        </src__StyledContainer>
        <src__StyledContainer>
          <StyledComponent
            forwardedComponent={
              Object {
                "$$typeof": Symbol(react.forward_ref),
                "attrs": Array [],
                "componentStyle": ComponentStyle {
                  "componentId": "src__StyledContainer-sc-7giwxu-0",
                  "isStatic": false,
                  "lastClassName": "c0",
                  "rules": Array [
                    "font-family: \\"nta\\", Arial, sans-serif;",
                    [Function],
                  ],
                },
                "displayName": "src__StyledContainer",
                "foldedComponentIds": Array [],
                "render": [Function],
                "styledComponentId": "src__StyledContainer-sc-7giwxu-0",
                "target": "div",
                "toString": [Function],
                "warnTooManyClasses": [Function],
                "withComponent": [Function],
              }
            }
            forwardedRef={null}
          >
            <div
              className="c0"
            />
          </StyledComponent>
        </src__StyledContainer>
      </div>
    </StyledComponent>
  </src__StyledContainer>
</DocumentFooterMetadata>
`;
