// Jest Snapshot v1, https://goo.gl/fbAQLP

exports[`Layout matches wrapper snapshot: wrapper mount 1`] = `
.c0 {
  padding: 10px;
  box-sizing: border-box;
}

<Layout>
  <src__StyledLayout>
    <StyledComponent
      forwardedComponent={
        Object {
          "$$typeof": Symbol(react.forward_ref),
          "attrs": Array [],
          "componentStyle": ComponentStyle {
            "componentId": "src__StyledLayout-sc-1dz2im8-0",
            "isStatic": true,
            "lastClassName": "c0",
            "rules": Array [
              "padding: 10px;",
              "box-sizing: border-box;",
            ],
          },
          "displayName": "src__StyledLayout",
          "foldedComponentIds": Array [],
          "render": [Function],
          "styledComponentId": "src__StyledLayout-sc-1dz2im8-0",
          "target": "div",
          "toString": [Function],
          "warnTooManyClasses": [Function],
          "withComponent": [Function],
        }
      }
      forwardedRef={null}
    >
      <div
        className="c0"
      >
        example
      </div>
    </StyledComponent>
  </src__StyledLayout>
</Layout>
`;
