// Jest Snapshot v1, https://goo.gl/fbAQLP

exports[`asPaginationItem matches wrapper snapshot: wrapper mount 1`] = `
<asPaginationItem__PaginationWrapper>
  <a
    href="https://example.com"
  >
    <asPaginationItem__InnerWrap>
      Example
    </asPaginationItem__InnerWrap>
  </a>
</asPaginationItem__PaginationWrapper>
`;
