// Jest Snapshot v1, https://goo.gl/fbAQLP

exports[`Main matches wrapper snapshot 1`] = `
.c0 {
  padding-top: 30px;
  text-align: center;
}

.c1 {
  max-width: 960px;
  margin-left: 15px;
  margin-right: 15px;
  text-align: left;
}

@media only screen and (min-width:641px) {
  .c1 {
    margin-left: 30px;
    margin-right: 30px;
  }
}

@media only screen and (min-width:1020px) {
  .c1 {
    margin: 0 auto;
  }
}

<Main>
  <src__OuterContainer>
    <StyledComponent
      forwardedComponent={
        Object {
          "$$typeof": Symbol(react.forward_ref),
          "attrs": Array [],
          "componentStyle": ComponentStyle {
            "componentId": "src__OuterContainer-sc-1ppxqxg-0",
            "isStatic": true,
            "lastClassName": "c0",
            "rules": Array [
              "padding-top: 30px;",
              "text-align: center;",
            ],
          },
          "displayName": "src__OuterContainer",
          "foldedComponentIds": Array [],
          "render": [Function],
          "styledComponentId": "src__OuterContainer-sc-1ppxqxg-0",
          "target": "div",
          "toString": [Function],
          "warnTooManyClasses": [Function],
          "withComponent": [Function],
        }
      }
      forwardedRef={null}
    >
      <div
        className="c0"
      >
        <src__InnerContainer>
          <StyledComponent
            forwardedComponent={
              Object {
                "$$typeof": Symbol(react.forward_ref),
                "attrs": Array [],
                "componentStyle": ComponentStyle {
                  "componentId": "src__InnerContainer-sc-1ppxqxg-1",
                  "isStatic": true,
                  "lastClassName": "c1",
                  "rules": Array [
                    "max-width: 960px;",
                    "margin-left: 15px;",
                    "margin-right: 15px;",
                    "text-align: left;",
                    "@media only screen and (min-width: 641px) {",
                    "margin-left: 30px;",
                    "margin-right: 30px;",
                    "}",
                    "@media only screen and (min-width:1020px) {",
                    "margin: 0 auto;",
                    "}",
                  ],
                },
                "displayName": "src__InnerContainer",
                "foldedComponentIds": Array [],
                "render": [Function],
                "styledComponentId": "src__InnerContainer-sc-1ppxqxg-1",
                "target": "div",
                "toString": [Function],
                "warnTooManyClasses": [Function],
                "withComponent": [Function],
              }
            }
            forwardedRef={null}
          >
            <div
              className="c1"
            >
              <span>
                Example
              </span>
            </div>
          </StyledComponent>
        </src__InnerContainer>
      </div>
    </StyledComponent>
  </src__OuterContainer>
</Main>
`;
